
> frontend@0.0.0 build
> vite build

vite v7.3.1 building client environment for production...
transforming...
✓ 2228 modules transformed.
rendering chunks...
computing gzip size...
dist/index.html                   0.46 kB │ gzip:   0.29 kB
dist/assets/index-CjkkHYc8.css   77.01 kB │ gzip:  12.37 kB
dist/assets/index-bA44qRmM.js   600.30 kB │ gzip: 173.88 kB

(!) Some chunks are larger than 500 kB after minification. Consider:
- Using dynamic import() to code-split the application
- Use build.rollupOptions.output.manualChunks to improve chunking: https://rollupjs.org/configuration-options/#output-manualchunks
- Adjust chunk size limit for this warning via build.chunkSizeWarningLimit.
✓ built in 8.22s
